2026-04-21 22:22:42 ERROR TestLoggerListener - Test [TestClass name=class ui.tests.WindowsTests].null execution started
2026-04-21 22:22:43 INFO  TestLoggerListener - Test [TestClass name=class ui.tests.WindowsTests].null was successful
2026-04-21 22:22:46 ERROR TestLoggerListener - Test [TestClass name=class ui.tests.WindowsTests].null execution started
2026-04-21 22:22:46 INFO  TestLoggerListener - Test [TestClass name=class ui.tests.WindowsTests].null was successful
2026-04-21 22:22:49 ERROR TestLoggerListener - Test [TestClass name=class ui.tests.FramesTests].null execution started
2026-04-21 22:22:49 INFO  TestLoggerListener - Test [TestClass name=class ui.tests.FramesTests].null was successful
2026-04-21 22:22:52 ERROR TestLoggerListener - Test [TestClass name=class ui.tests.FramesTests].null execution started
2026-04-21 22:22:53 INFO  TestLoggerListener - Test [TestClass name=class ui.tests.FramesTests].null was successful
2026-04-21 22:22:55 ERROR TestLoggerListener - Test [TestClass name=class ui.tests.HoversTests].null execution started
2026-04-21 22:22:56 INFO  TestLoggerListener - Test [TestClass name=class ui.tests.HoversTests].null was successful
2026-04-21 22:22:58 ERROR TestLoggerListener - Test [TestClass name=class ui.tests.DynamicLoadingTests].null execution started
2026-04-21 22:23:04 INFO  TestLoggerListener - Test [TestClass name=class ui.tests.DynamicLoadingTests].null was successful
2026-04-21 22:23:06 ERROR TestLoggerListener - Test [TestClass name=class ui.tests.DynamicLoadingTests].null execution started
2026-04-21 22:23:12 INFO  TestLoggerListener - Test [TestClass name=class ui.tests.DynamicLoadingTests].null was successful
2026-04-21 22:23:13 ERROR TestLoggerListener - Test [TestClass name=class api.tests.BookingApiTests].null execution started
2026-04-21 22:23:14 INFO  TestLoggerListener - Test [TestClass name=class api.tests.BookingApiTests].null was successful
2026-04-21 22:23:14 ERROR TestLoggerListener - Test [TestClass name=class api.tests.BookingApiTests].null execution started
2026-04-21 22:23:15 INFO  TestLoggerListener - Test [TestClass name=class api.tests.BookingApiTests].null was successful
2026-04-21 22:23:15 ERROR TestLoggerListener - Test [TestClass name=class api.tests.BookingApiTests].null execution started
2026-04-21 22:23:16 INFO  TestLoggerListener - Test [TestClass name=class api.tests.BookingApiTests].null was successful
2026-04-21 22:23:16 ERROR TestLoggerListener - Test [TestClass name=class api.tests.BookingApiTests].null execution started
2026-04-21 22:23:16 INFO  TestLoggerListener - Test [TestClass name=class api.tests.BookingApiTests].null was successful
2026-04-21 22:23:16 ERROR TestLoggerListener - Test [TestClass name=class api.tests.BookingApiTests].null execution started
2026-04-21 22:23:17 INFO  TestLoggerListener - Test [TestClass name=class api.tests.BookingApiTests].null was successful
2026-04-21 22:23:17 ERROR TestLoggerListener - Test [TestClass name=class api.tests.BookingApiTests].null execution started
2026-04-21 22:23:17 INFO  TestLoggerListener - Test [TestClass name=class api.tests.BookingApiTests].null was successful
2026-04-21 22:23:17 ERROR TestLoggerListener - Test [TestClass name=class api.tests.BookingApiTests].null execution started
2026-04-21 22:23:18 INFO  TestLoggerListener - Test [TestClass name=class api.tests.BookingApiTests].null was successful
2026-04-21 22:27:34 ERROR TestLoggerListener - Test [TestClass name=class ui.tests.WindowsTests].testOpenAndCloseNewTab execution started
2026-04-21 22:27:35 INFO  TestLoggerListener - Test [TestClass name=class ui.tests.WindowsTests].testOpenAndCloseNewTab was successful
2026-04-21 22:27:37 ERROR TestLoggerListener - Test [TestClass name=class ui.tests.WindowsTests].testOpenNewTab execution started
2026-04-21 22:27:38 INFO  TestLoggerListener - Test [TestClass name=class ui.tests.WindowsTests].testOpenNewTab was successful
2026-04-21 22:27:40 ERROR TestLoggerListener - Test [TestClass name=class ui.tests.FramesTests].testBottomFrameNavigation execution started
2026-04-21 22:27:41 INFO  TestLoggerListener - Test [TestClass name=class ui.tests.FramesTests].testBottomFrameNavigation was successful
2026-04-21 22:27:43 ERROR TestLoggerListener - Test [TestClass name=class ui.tests.FramesTests].testNavigateLeftMiddleRightBottom execution started
2026-04-21 22:27:44 INFO  TestLoggerListener - Test [TestClass name=class ui.tests.FramesTests].testNavigateLeftMiddleRightBottom was successful
2026-04-21 22:27:47 ERROR TestLoggerListener - Test [TestClass name=class ui.tests.HoversTests].testHover execution started
2026-04-21 22:27:47 INFO  TestLoggerListener - Test [TestClass name=class ui.tests.HoversTests].testHover was successful
2026-04-21 22:27:49 ERROR TestLoggerListener - Test [TestClass name=class ui.tests.DynamicLoadingTests].testDynamicLoadingHiddenElement execution started
2026-04-21 22:27:56 INFO  TestLoggerListener - Test [TestClass name=class ui.tests.DynamicLoadingTests].testDynamicLoadingHiddenElement was successful
2026-04-21 22:27:58 ERROR TestLoggerListener - Test [TestClass name=class ui.tests.DynamicLoadingTests].testDynamicLoadingNonExistingElement execution started
2026-04-21 22:28:03 INFO  TestLoggerListener - Test [TestClass name=class ui.tests.DynamicLoadingTests].testDynamicLoadingNonExistingElement was successful
2026-04-21 22:28:04 ERROR TestLoggerListener - Test [TestClass name=class api.tests.BookingApiTests].getBooking_invalidData_returns404 execution started
2026-04-21 22:28:05 INFO  TestLoggerListener - Test [TestClass name=class api.tests.BookingApiTests].getBooking_invalidData_returns404 was successful
2026-04-21 22:28:05 ERROR TestLoggerListener - Test [TestClass name=class api.tests.BookingApiTests].patchBooking_validData_validAuth_returnsUpdatedBooking execution started
2026-04-21 22:28:07 INFO  TestLoggerListener - Test [TestClass name=class api.tests.BookingApiTests].patchBooking_validData_validAuth_returnsUpdatedBooking was successful
2026-04-21 22:28:07 ERROR TestLoggerListener - Test [TestClass name=class api.tests.BookingApiTests].postAuthToken_invalidCredentials_rejected execution started
2026-04-21 22:28:07 INFO  TestLoggerListener - Test [TestClass name=class api.tests.BookingApiTests].postAuthToken_invalidCredentials_rejected was successful
2026-04-21 22:28:07 ERROR TestLoggerListener - Test [TestClass name=class api.tests.BookingApiTests].postBooking_threeTimes_validData_returns200 execution started
2026-04-21 22:28:08 INFO  TestLoggerListener - Test [TestClass name=class api.tests.BookingApiTests].postBooking_threeTimes_validData_returns200 was successful
2026-04-21 22:28:08 ERROR TestLoggerListener - Test [TestClass name=class api.tests.BookingApiTests].postBooking_threeTimes_validData_returns200 execution started
2026-04-21 22:28:08 INFO  TestLoggerListener - Test [TestClass name=class api.tests.BookingApiTests].postBooking_threeTimes_validData_returns200 was successful
2026-04-21 22:28:08 ERROR TestLoggerListener - Test [TestClass name=class api.tests.BookingApiTests].postBooking_threeTimes_validData_returns200 execution started
2026-04-21 22:28:09 INFO  TestLoggerListener - Test [TestClass name=class api.tests.BookingApiTests].postBooking_threeTimes_validData_returns200 was successful
2026-04-21 22:28:09 ERROR TestLoggerListener - Test [TestClass name=class api.tests.BookingApiTests].putBooking_validData_validAuth_returnsUpdatedBooking execution started
2026-04-21 22:28:10 INFO  TestLoggerListener - Test [TestClass name=class api.tests.BookingApiTests].putBooking_validData_validAuth_returnsUpdatedBooking was successful
